*%(basename)s:9: ReferenceError: Invalid left-hand side in for-loop
function f() { for ("unassignable" in {}); }
                    ^^^^^^^^^^^^^^
ReferenceError: Invalid left-hand side in for-loop

