# Copyright 2014 the V8 project authors. All rights reserved.
# Use of this source code is governed by a BSD-style license that can be
# found in the LICENSE file.

*%(basename)s:11: ReferenceError: Unsupported reference to 'super'
    super(x);
    ^
ReferenceError: Unsupported reference to 'super'
    at new C (*%(basename)s:11:5)
    at *%(basename)s:15:9
