# Copyright 2014 the V8 project authors. All rights reserved.
# Use of this source code is governed by a BSD-style license that can be
# found in the LICENSE file.
*%(basename)s:10: ReferenceError: Unsupported reference to 'super'
    super(this.x);
    ^
ReferenceError: Unsupported reference to 'super'
    at new C (*%(basename)s:10:5)
    at *%(basename)s:14:9
