*%(basename)s:11: SyntaxError: Tail call expression is not allowed here
      return continue f() ;
             ^^^^^^^^^^^^
SyntaxError: Tail call expression is not allowed here
