Enter function
Enter function
Exit function -> 23
Enter function
Exit function -> 57
Enter function
Exit function -> 0.000000
Enter function
Exit function -> 1.000000
Exit function
