#
# Autogenerated by generate-bytecode-expectations.
#

---
wrap: yes

---
snippet: "
  var x, a = [0,1,2,3];
  [x] = a;
"
frame size: 17
parameter count: 1
bytecode array length: 259
bytecodes: [
  /*   30 E> */ B(StackCheck),
  /*   45 S> */ B(CreateArrayLiteral), U8(0), U8(0), U8(37),
                B(Star), R(1),
  /*   56 S> */ B(Star), R(2),
  /*   62 E> */ B(LdaNamedProperty), R(2), U8(1), U8(1),
                B(Star), R(12),
                B(CallProperty0), R(12), R(2), U8(3),
                B(Mov), R(1), R(11),
                B(JumpIfJSReceiver), U8(7),
                B(CallRuntime), U16(Runtime::kThrowSymbolIteratorInvalid), R(0), U8(0),
                B(Star), R(3),
                B(LdaNamedProperty), R(3), U8(2), U8(5),
                B(Star), R(4),
                B(LdaFalse),
                B(Star), R(5),
                B(LdaZero),
                B(Star), R(8),
                B(Mov), R(context), R(13),
                B(Mov), R(context), R(14),
                B(Ldar), R(5),
                B(JumpIfToBooleanTrue), U8(43),
                B(LdaTrue),
                B(Star), R(5),
                B(CallProperty0), R(4), R(3), U8(7),
                B(Star), R(6),
                B(InvokeIntrinsic), U8(Runtime::k_IsJSReceiver), R(6), U8(1),
                B(ToBooleanLogicalNot),
                B(JumpIfFalse), U8(7),
                B(CallRuntime), U16(Runtime::kThrowIteratorResultNotAnObject), R(6), U8(1),
                B(LdaNamedProperty), R(6), U8(3), U8(9),
                B(JumpIfToBooleanFalse), U8(7),
                B(LdaUndefined),
                B(Star), R(7),
                B(Jump), U8(11),
                B(LdaNamedProperty), R(6), U8(4), U8(11),
                B(Star), R(7),
                B(LdaFalse),
                B(Star), R(5),
                B(LdaSmi), I8(2),
                B(Star), R(8),
  /*   57 S> */ B(Mov), R(7), R(0),
                B(LdaZero),
                B(Star), R(8),
                B(Jump), U8(33),
                B(Star), R(15),
  /*   57 E> */ B(CreateCatchContext), R(15), U8(5),
                B(PushContext), R(15),
                B(Star), R(14),
                B(LdaSmi), I8(2),
                B(TestEqualStrict), R(8), U8(13),
                B(JumpIfFalse), U8(6),
                B(LdaSmi), I8(1),
                B(Star), R(8),
                B(LdaImmutableCurrentContextSlot), U8(4),
                B(Star), R(16),
                B(CallRuntime), U16(Runtime::kReThrow), R(16), U8(1),
                B(PopContext), R(15),
                B(LdaSmi), I8(-1),
                B(Star), R(12),
                B(Star), R(11),
                B(Jump), U8(7),
                B(Star), R(12),
                B(LdaZero),
                B(Star), R(11),
                B(LdaTheHole),
                B(SetPendingMessage),
                B(Star), R(13),
                B(Ldar), R(5),
                B(JumpIfToBooleanTrue), U8(90),
                B(LdaNamedProperty), R(3), U8(6), U8(14),
                B(Star), R(9),
                B(TestUndetectable),
                B(JumpIfFalse), U8(4),
                B(Jump), U8(79),
                B(LdaSmi), I8(1),
                B(TestEqualStrict), R(8), U8(16),
                B(JumpIfFalse), U8(47),
                B(Ldar), R(9),
                B(TestTypeOf), U8(6),
                B(JumpIfFalse), U8(4),
                B(Jump), U8(18),
                B(Wide), B(LdaSmi), I16(154),
                B(Star), R(14),
                B(LdaConstant), U8(7),
                B(Star), R(15),
                B(CallRuntime), U16(Runtime::kNewTypeError), R(14), U8(2),
                B(Throw),
                B(Mov), R(context), R(14),
                B(Mov), R(9), R(15),
                B(Mov), R(3), R(16),
                B(InvokeIntrinsic), U8(Runtime::k_Call), R(15), U8(2),
                B(Jump), U8(6),
                B(LdaTheHole),
                B(SetPendingMessage),
                B(Ldar), R(14),
                B(Jump), U8(27),
                B(Mov), R(9), R(14),
                B(Mov), R(3), R(15),
                B(InvokeIntrinsic), U8(Runtime::k_Call), R(14), U8(2),
                B(Star), R(10),
                B(InvokeIntrinsic), U8(Runtime::k_IsJSReceiver), R(10), U8(1),
                B(JumpIfToBooleanFalse), U8(4),
                B(Jump), U8(7),
                B(CallRuntime), U16(Runtime::kThrowIteratorResultNotAnObject), R(10), U8(1),
                B(Ldar), R(13),
                B(SetPendingMessage),
                B(LdaZero),
                B(TestReferenceEqual), R(11),
                B(JumpIfFalse), U8(5),
                B(Ldar), R(12),
                B(ReThrow),
                B(LdaUndefined),
  /*   65 S> */ B(Return),
]
constant pool: [
  ARRAY_BOILERPLATE_DESCRIPTION_TYPE,
  SYMBOL_TYPE,
  ONE_BYTE_INTERNALIZED_STRING_TYPE ["next"],
  ONE_BYTE_INTERNALIZED_STRING_TYPE ["done"],
  ONE_BYTE_INTERNALIZED_STRING_TYPE ["value"],
  SCOPE_INFO_TYPE,
  ONE_BYTE_INTERNALIZED_STRING_TYPE ["return"],
  ONE_BYTE_INTERNALIZED_STRING_TYPE [""],
]
handlers: [
  [46, 137, 145],
  [49, 104, 106],
  [203, 213, 215],
]

---
snippet: "
  var x, y, a = [0,1,2,3];
  [,x,...y] = a;
"
frame size: 20
parameter count: 1
bytecode array length: 368
bytecodes: [
  /*   30 E> */ B(StackCheck),
  /*   48 S> */ B(CreateArrayLiteral), U8(0), U8(0), U8(37),
                B(Star), R(2),
  /*   59 S> */ B(Star), R(3),
  /*   71 E> */ B(LdaNamedProperty), R(3), U8(1), U8(1),
                B(Star), R(15),
                B(CallProperty0), R(15), R(3), U8(3),
                B(Mov), R(2), R(14),
                B(JumpIfJSReceiver), U8(7),
                B(CallRuntime), U16(Runtime::kThrowSymbolIteratorInvalid), R(0), U8(0),
                B(Star), R(4),
                B(LdaNamedProperty), R(4), U8(2), U8(5),
                B(Star), R(5),
                B(LdaFalse),
                B(Star), R(6),
                B(LdaZero),
                B(Star), R(9),
                B(Mov), R(context), R(16),
                B(Mov), R(context), R(17),
                B(Ldar), R(6),
                B(JumpIfToBooleanTrue), U8(43),
                B(LdaTrue),
                B(Star), R(6),
                B(CallProperty0), R(5), R(4), U8(7),
                B(Star), R(7),
                B(InvokeIntrinsic), U8(Runtime::k_IsJSReceiver), R(7), U8(1),
                B(ToBooleanLogicalNot),
                B(JumpIfFalse), U8(7),
                B(CallRuntime), U16(Runtime::kThrowIteratorResultNotAnObject), R(7), U8(1),
                B(LdaNamedProperty), R(7), U8(3), U8(9),
                B(JumpIfToBooleanFalse), U8(7),
                B(LdaUndefined),
                B(Star), R(8),
                B(Jump), U8(11),
                B(LdaNamedProperty), R(7), U8(4), U8(11),
                B(Star), R(8),
                B(LdaFalse),
                B(Star), R(6),
                B(Ldar), R(6),
                B(JumpIfToBooleanTrue), U8(43),
                B(LdaTrue),
                B(Star), R(6),
                B(CallProperty0), R(5), R(4), U8(13),
                B(Star), R(7),
                B(InvokeIntrinsic), U8(Runtime::k_IsJSReceiver), R(7), U8(1),
                B(ToBooleanLogicalNot),
                B(JumpIfFalse), U8(7),
                B(CallRuntime), U16(Runtime::kThrowIteratorResultNotAnObject), R(7), U8(1),
                B(LdaNamedProperty), R(7), U8(3), U8(9),
                B(JumpIfToBooleanFalse), U8(7),
                B(LdaUndefined),
                B(Star), R(8),
                B(Jump), U8(11),
                B(LdaNamedProperty), R(7), U8(4), U8(11),
                B(Star), R(8),
                B(LdaFalse),
                B(Star), R(6),
                B(LdaSmi), I8(2),
                B(Star), R(9),
  /*   61 S> */ B(Mov), R(8), R(0),
                B(LdaZero),
                B(Star), R(9),
  /*   61 E> */ B(CreateEmptyArrayLiteral), U8(15),
                B(Star), R(10),
                B(LdaZero),
                B(Star), R(11),
                B(Ldar), R(6),
                B(JumpIfToBooleanTrue), U8(50),
                B(StackCheck),
                B(LdaTrue),
                B(Star), R(6),
                B(CallProperty0), R(5), R(4), U8(16),
                B(Star), R(7),
                B(InvokeIntrinsic), U8(Runtime::k_IsJSReceiver), R(7), U8(1),
                B(ToBooleanLogicalNot),
                B(JumpIfFalse), U8(7),
                B(CallRuntime), U16(Runtime::kThrowIteratorResultNotAnObject), R(7), U8(1),
                B(LdaNamedProperty), R(7), U8(3), U8(9),
                B(JumpIfToBooleanTrue), U8(13),
                B(LdaNamedProperty), R(7), U8(4), U8(11),
                B(StaInArrayLiteral), R(10), R(11), U8(18),
                B(LdaFalse),
                B(Star), R(6),
                B(Ldar), R(11),
                B(Inc), U8(20),
                B(Star), R(11),
                B(JumpLoop), U8(49), I8(0),
  /*   66 S> */ B(Mov), R(10), R(1),
                B(Ldar), R(1),
                B(Jump), U8(33),
                B(Star), R(18),
  /*   66 E> */ B(CreateCatchContext), R(18), U8(5),
                B(PushContext), R(18),
                B(Star), R(17),
                B(LdaSmi), I8(2),
                B(TestEqualStrict), R(9), U8(21),
                B(JumpIfFalse), U8(6),
                B(LdaSmi), I8(1),
                B(Star), R(9),
                B(LdaImmutableCurrentContextSlot), U8(4),
                B(Star), R(19),
                B(CallRuntime), U16(Runtime::kReThrow), R(19), U8(1),
                B(PopContext), R(18),
                B(LdaSmi), I8(-1),
                B(Star), R(15),
                B(Star), R(14),
                B(Jump), U8(7),
                B(Star), R(15),
                B(LdaZero),
                B(Star), R(14),
                B(LdaTheHole),
                B(SetPendingMessage),
                B(Star), R(16),
                B(Ldar), R(6),
                B(JumpIfToBooleanTrue), U8(90),
                B(LdaNamedProperty), R(4), U8(6), U8(22),
                B(Star), R(12),
                B(TestUndetectable),
                B(JumpIfFalse), U8(4),
                B(Jump), U8(79),
                B(LdaSmi), I8(1),
                B(TestEqualStrict), R(9), U8(24),
                B(JumpIfFalse), U8(47),
                B(Ldar), R(12),
                B(TestTypeOf), U8(6),
                B(JumpIfFalse), U8(4),
                B(Jump), U8(18),
                B(Wide), B(LdaSmi), I16(154),
                B(Star), R(17),
                B(LdaConstant), U8(7),
                B(Star), R(18),
                B(CallRuntime), U16(Runtime::kNewTypeError), R(17), U8(2),
                B(Throw),
                B(Mov), R(context), R(17),
                B(Mov), R(12), R(18),
                B(Mov), R(4), R(19),
                B(InvokeIntrinsic), U8(Runtime::k_Call), R(18), U8(2),
                B(Jump), U8(6),
                B(LdaTheHole),
                B(SetPendingMessage),
                B(Ldar), R(17),
                B(Jump), U8(27),
                B(Mov), R(12), R(17),
                B(Mov), R(4), R(18),
                B(InvokeIntrinsic), U8(Runtime::k_Call), R(17), U8(2),
                B(Star), R(13),
                B(InvokeIntrinsic), U8(Runtime::k_IsJSReceiver), R(13), U8(1),
                B(JumpIfToBooleanFalse), U8(4),
                B(Jump), U8(7),
                B(CallRuntime), U16(Runtime::kThrowIteratorResultNotAnObject), R(13), U8(1),
                B(Ldar), R(16),
                B(SetPendingMessage),
                B(LdaZero),
                B(TestReferenceEqual), R(14),
                B(JumpIfFalse), U8(5),
                B(Ldar), R(15),
                B(ReThrow),
                B(LdaUndefined),
  /*   74 S> */ B(Return),
]
constant pool: [
  ARRAY_BOILERPLATE_DESCRIPTION_TYPE,
  SYMBOL_TYPE,
  ONE_BYTE_INTERNALIZED_STRING_TYPE ["next"],
  ONE_BYTE_INTERNALIZED_STRING_TYPE ["done"],
  ONE_BYTE_INTERNALIZED_STRING_TYPE ["value"],
  SCOPE_INFO_TYPE,
  ONE_BYTE_INTERNALIZED_STRING_TYPE ["return"],
  ONE_BYTE_INTERNALIZED_STRING_TYPE [""],
]
handlers: [
  [46, 246, 254],
  [49, 213, 215],
  [312, 322, 324],
]

---
snippet: "
  var x={}, y, a = [0];
  [x.foo,y=4] = a;
"
frame size: 19
parameter count: 1
bytecode array length: 332
bytecodes: [
  /*   30 E> */ B(StackCheck),
  /*   40 S> */ B(CreateEmptyObjectLiteral),
                B(Star), R(0),
  /*   51 S> */ B(CreateArrayLiteral), U8(0), U8(0), U8(37),
                B(Star), R(2),
  /*   56 S> */ B(Star), R(3),
  /*   70 E> */ B(LdaNamedProperty), R(3), U8(1), U8(1),
                B(Star), R(14),
                B(CallProperty0), R(14), R(3), U8(3),
                B(Mov), R(2), R(13),
                B(JumpIfJSReceiver), U8(7),
                B(CallRuntime), U16(Runtime::kThrowSymbolIteratorInvalid), R(0), U8(0),
                B(Star), R(4),
                B(LdaNamedProperty), R(4), U8(2), U8(5),
                B(Star), R(5),
                B(LdaFalse),
                B(Star), R(6),
                B(LdaZero),
                B(Star), R(9),
                B(Mov), R(context), R(15),
                B(Mov), R(context), R(16),
                B(Ldar), R(6),
                B(JumpIfToBooleanTrue), U8(43),
                B(LdaTrue),
                B(Star), R(6),
                B(CallProperty0), R(5), R(4), U8(7),
                B(Star), R(7),
                B(InvokeIntrinsic), U8(Runtime::k_IsJSReceiver), R(7), U8(1),
                B(ToBooleanLogicalNot),
                B(JumpIfFalse), U8(7),
                B(CallRuntime), U16(Runtime::kThrowIteratorResultNotAnObject), R(7), U8(1),
                B(LdaNamedProperty), R(7), U8(3), U8(9),
                B(JumpIfToBooleanFalse), U8(7),
                B(LdaUndefined),
                B(Star), R(8),
                B(Jump), U8(11),
                B(LdaNamedProperty), R(7), U8(4), U8(11),
                B(Star), R(8),
                B(LdaFalse),
                B(Star), R(6),
                B(LdaSmi), I8(2),
                B(Star), R(9),
                B(Ldar), R(8),
  /*   59 E> */ B(StaNamedProperty), R(0), U8(5), U8(13),
                B(LdaZero),
                B(Star), R(9),
                B(Ldar), R(6),
                B(JumpIfToBooleanTrue), U8(43),
                B(LdaTrue),
                B(Star), R(6),
                B(CallProperty0), R(5), R(4), U8(15),
                B(Star), R(7),
                B(InvokeIntrinsic), U8(Runtime::k_IsJSReceiver), R(7), U8(1),
                B(ToBooleanLogicalNot),
                B(JumpIfFalse), U8(7),
                B(CallRuntime), U16(Runtime::kThrowIteratorResultNotAnObject), R(7), U8(1),
                B(LdaNamedProperty), R(7), U8(3), U8(9),
                B(JumpIfToBooleanFalse), U8(7),
                B(LdaUndefined),
                B(Star), R(8),
                B(Jump), U8(11),
                B(LdaNamedProperty), R(7), U8(4), U8(11),
                B(Star), R(8),
                B(LdaFalse),
                B(Star), R(6),
                B(LdaSmi), I8(2),
                B(Star), R(9),
                B(Mov), R(8), R(10),
  /*   63 S> */ B(Ldar), R(10),
                B(JumpIfNotUndefined), U8(6),
                B(LdaSmi), I8(4),
                B(Jump), U8(4),
                B(Ldar), R(10),
                B(Star), R(1),
                B(LdaZero),
                B(Star), R(9),
                B(Jump), U8(33),
                B(Star), R(17),
  /*   63 E> */ B(CreateCatchContext), R(17), U8(6),
                B(PushContext), R(17),
                B(Star), R(16),
                B(LdaSmi), I8(2),
                B(TestEqualStrict), R(9), U8(17),
                B(JumpIfFalse), U8(6),
                B(LdaSmi), I8(1),
                B(Star), R(9),
                B(LdaImmutableCurrentContextSlot), U8(4),
                B(Star), R(18),
                B(CallRuntime), U16(Runtime::kReThrow), R(18), U8(1),
                B(PopContext), R(17),
                B(LdaSmi), I8(-1),
                B(Star), R(14),
                B(Star), R(13),
                B(Jump), U8(7),
                B(Star), R(14),
                B(LdaZero),
                B(Star), R(13),
                B(LdaTheHole),
                B(SetPendingMessage),
                B(Star), R(15),
                B(Ldar), R(6),
                B(JumpIfToBooleanTrue), U8(90),
                B(LdaNamedProperty), R(4), U8(7), U8(18),
                B(Star), R(11),
                B(TestUndetectable),
                B(JumpIfFalse), U8(4),
                B(Jump), U8(79),
                B(LdaSmi), I8(1),
                B(TestEqualStrict), R(9), U8(20),
                B(JumpIfFalse), U8(47),
                B(Ldar), R(11),
                B(TestTypeOf), U8(6),
                B(JumpIfFalse), U8(4),
                B(Jump), U8(18),
                B(Wide), B(LdaSmi), I16(154),
                B(Star), R(16),
                B(LdaConstant), U8(8),
                B(Star), R(17),
                B(CallRuntime), U16(Runtime::kNewTypeError), R(16), U8(2),
                B(Throw),
                B(Mov), R(context), R(16),
                B(Mov), R(11), R(17),
                B(Mov), R(4), R(18),
                B(InvokeIntrinsic), U8(Runtime::k_Call), R(17), U8(2),
                B(Jump), U8(6),
                B(LdaTheHole),
                B(SetPendingMessage),
                B(Ldar), R(16),
                B(Jump), U8(27),
                B(Mov), R(11), R(16),
                B(Mov), R(4), R(17),
                B(InvokeIntrinsic), U8(Runtime::k_Call), R(16), U8(2),
                B(Star), R(12),
                B(InvokeIntrinsic), U8(Runtime::k_IsJSReceiver), R(12), U8(1),
                B(JumpIfToBooleanFalse), U8(4),
                B(Jump), U8(7),
                B(CallRuntime), U16(Runtime::kThrowIteratorResultNotAnObject), R(12), U8(1),
                B(Ldar), R(15),
                B(SetPendingMessage),
                B(LdaZero),
                B(TestReferenceEqual), R(13),
                B(JumpIfFalse), U8(5),
                B(Ldar), R(14),
                B(ReThrow),
                B(LdaUndefined),
  /*   73 S> */ B(Return),
]
constant pool: [
  ARRAY_BOILERPLATE_DESCRIPTION_TYPE,
  SYMBOL_TYPE,
  ONE_BYTE_INTERNALIZED_STRING_TYPE ["next"],
  ONE_BYTE_INTERNALIZED_STRING_TYPE ["done"],
  ONE_BYTE_INTERNALIZED_STRING_TYPE ["value"],
  ONE_BYTE_INTERNALIZED_STRING_TYPE ["foo"],
  SCOPE_INFO_TYPE,
  ONE_BYTE_INTERNALIZED_STRING_TYPE ["return"],
  ONE_BYTE_INTERNALIZED_STRING_TYPE [""],
]
handlers: [
  [49, 210, 218],
  [52, 177, 179],
  [276, 286, 288],
]

---
snippet: "
  var x, a = {x:1};
  ({x} = a);
"
frame size: 5
parameter count: 1
bytecode array length: 37
bytecodes: [
  /*   30 E> */ B(StackCheck),
  /*   45 S> */ B(CreateObjectLiteral), U8(0), U8(0), U8(41),
                B(Star), R(1),
  /*   52 S> */ B(Star), R(2),
                B(JumpIfUndefined), U8(6),
                B(Ldar), R(2),
                B(JumpIfNotNull), U8(16),
                B(LdaSmi), I8(81),
                B(Star), R(3),
                B(LdaConstant), U8(1),
                B(Star), R(4),
                B(CallRuntime), U16(Runtime::kNewTypeError), R(3), U8(2),
  /*   54 E> */ B(Throw),
  /*   54 S> */ B(LdaNamedProperty), R(2), U8(1), U8(1),
                B(Star), R(0),
                B(LdaUndefined),
  /*   63 S> */ B(Return),
]
constant pool: [
  OBJECT_BOILERPLATE_DESCRIPTION_TYPE,
  ONE_BYTE_INTERNALIZED_STRING_TYPE ["x"],
]
handlers: [
]

---
snippet: "
  var x={}, a = {y:1};
  ({y:x.foo} = a);
"
frame size: 5
parameter count: 1
bytecode array length: 42
bytecodes: [
  /*   30 E> */ B(StackCheck),
  /*   40 S> */ B(CreateEmptyObjectLiteral),
                B(Star), R(0),
  /*   48 S> */ B(CreateObjectLiteral), U8(0), U8(0), U8(41),
                B(Star), R(1),
  /*   55 S> */ B(Star), R(2),
                B(JumpIfUndefined), U8(6),
                B(Ldar), R(2),
                B(JumpIfNotNull), U8(16),
                B(LdaSmi), I8(81),
                B(Star), R(3),
                B(LdaConstant), U8(1),
                B(Star), R(4),
                B(CallRuntime), U16(Runtime::kNewTypeError), R(3), U8(2),
  /*   57 E> */ B(Throw),
  /*   59 E> */ B(LdaNamedProperty), R(2), U8(1), U8(1),
  /*   61 E> */ B(StaNamedProperty), R(0), U8(2), U8(3),
                B(LdaUndefined),
  /*   72 S> */ B(Return),
]
constant pool: [
  OBJECT_BOILERPLATE_DESCRIPTION_TYPE,
  ONE_BYTE_INTERNALIZED_STRING_TYPE ["y"],
  ONE_BYTE_INTERNALIZED_STRING_TYPE ["foo"],
]
handlers: [
]

---
snippet: "
  var x, a = {y:1, w:2, v:3};
  ({x=0,...y} = a);
"
frame size: 6
parameter count: 1
bytecode array length: 61
bytecodes: [
  /*   30 E> */ B(StackCheck),
  /*   45 S> */ B(CreateObjectLiteral), U8(0), U8(0), U8(41),
                B(Star), R(1),
  /*   62 S> */ B(Star), R(2),
                B(JumpIfUndefined), U8(6),
                B(Ldar), R(2),
                B(JumpIfNotNull), U8(16),
                B(LdaSmi), I8(81),
                B(Star), R(4),
                B(LdaConstant), U8(1),
                B(Star), R(5),
                B(CallRuntime), U16(Runtime::kNewTypeError), R(4), U8(2),
  /*   64 E> */ B(Throw),
                B(LdaNamedProperty), R(2), U8(1), U8(1),
                B(Star), R(3),
  /*   64 S> */ B(JumpIfNotUndefined), U8(5),
                B(LdaZero),
                B(Jump), U8(4),
                B(Ldar), R(3),
                B(Star), R(0),
  /*   71 S> */ B(LdaConstant), U8(1),
                B(Star), R(5),
                B(Mov), R(2), R(4),
                B(CallRuntime), U16(Runtime::kCopyDataPropertiesWithExcludedProperties), R(4), U8(2),
  /*   71 E> */ B(StaGlobal), U8(2), U8(3),
                B(LdaUndefined),
  /*   80 S> */ B(Return),
]
constant pool: [
  OBJECT_BOILERPLATE_DESCRIPTION_TYPE,
  ONE_BYTE_INTERNALIZED_STRING_TYPE ["x"],
  ONE_BYTE_INTERNALIZED_STRING_TYPE ["y"],
]
handlers: [
]

