#
# Autogenerated by generate-bytecode-expectations.
#

---
pool type: mixed
execute: yes
wrap: yes
legacy const: yes

---
snippet: "
  const a = 1; { var a = 2; }
"
frame size: 3
parameter count: 1
bytecode array length: 14
bytecodes: [
  B(LdaConstant), U8(0),
  B(Star), R(1),
  B(LdaConstant), U8(1),
  B(Star), R(2),
  B(CallRuntime), U16(Runtime::kNewSyntaxError), R(1), U8(2),
  B(Throw),
]
constant pool: [
  kInstanceTypeDontCare,
  InstanceType::ONE_BYTE_INTERNALIZED_STRING_TYPE,
]
handlers: [
]

