#
# Autogenerated by generate-bytecode-expectations.
#

---
wrap: no
test function name: f

---
snippet: "
  var a = 1;
  function f() { return a; }
  f()
"
frame size: 0
parameter count: 1
bytecode array length: 5
bytecodes: [
  /*   21 E> */ B(StackCheck),
  /*   26 S> */ B(LdaGlobal), U8(0), U8(3),
  /*   36 S> */ B(Return),
]
constant pool: [
  ONE_BYTE_INTERNALIZED_STRING_TYPE ["a"],
]
handlers: [
]

---
snippet: "
  function t() { }
  function f() { return t; }
  f()
"
frame size: 0
parameter count: 1
bytecode array length: 5
bytecodes: [
  /*   27 E> */ B(StackCheck),
  /*   32 S> */ B(LdaGlobal), U8(0), U8(3),
  /*   42 S> */ B(Return),
]
constant pool: [
  ONE_BYTE_INTERNALIZED_STRING_TYPE ["t"],
]
handlers: [
]

---
snippet: "
  a = 1;
  function f() { return a; }
  f()
"
frame size: 0
parameter count: 1
bytecode array length: 5
bytecodes: [
  /*   17 E> */ B(StackCheck),
  /*   22 S> */ B(LdaGlobal), U8(0), U8(3),
  /*   32 S> */ B(Return),
]
constant pool: [
  ONE_BYTE_INTERNALIZED_STRING_TYPE ["a"],
]
handlers: [
]

---
snippet: "
  a = 1;
  function f(b) {
    b.name;
    b.name;
    b.name;
    b.name;
    b.name;
    b.name;
    b.name;
    b.name;
    b.name;
    b.name;
    b.name;
    b.name;
    b.name;
    b.name;
    b.name;
    b.name;
    b.name;
    b.name;
    b.name;
    b.name;
    b.name;
    b.name;
    b.name;
    b.name;
    b.name;
    b.name;
    b.name;
    b.name;
    b.name;
    b.name;
    b.name;
    b.name;
    b.name;
    b.name;
    b.name;
    b.name;
    b.name;
    b.name;
    b.name;
    b.name;
    b.name;
    b.name;
    b.name;
    b.name;
    b.name;
    b.name;
    b.name;
    b.name;
    b.name;
    b.name;
    b.name;
    b.name;
    b.name;
    b.name;
    b.name;
    b.name;
    b.name;
    b.name;
    b.name;
    b.name;
    b.name;
    b.name;
    b.name;
    b.name;
    b.name;
    b.name;
    b.name;
    b.name;
    b.name;
    b.name;
    b.name;
    b.name;
    b.name;
    b.name;
    b.name;
    b.name;
    b.name;
    b.name;
    b.name;
    b.name;
    b.name;
    b.name;
    b.name;
    b.name;
    b.name;
    b.name;
    b.name;
    b.name;
    b.name;
    b.name;
    b.name;
    b.name;
    b.name;
    b.name;
    b.name;
    b.name;
    b.name;
    b.name;
    b.name;
    b.name;
    b.name;
    b.name;
    b.name;
    b.name;
    b.name;
    b.name;
    b.name;
    b.name;
    b.name;
    b.name;
    b.name;
    b.name;
    b.name;
    b.name;
    b.name;
    b.name;
    b.name;
    b.name;
    b.name;
    b.name;
    b.name;
    b.name;
    b.name;
    b.name;
    b.name;
    b.name;
    b.name;
    b.name;
    return a;
  }
  f({name: 1});
"
frame size: 0
parameter count: 2
bytecode array length: 652
bytecodes: [
  /*   17 E> */ B(StackCheck),
  /*   25 S> */ B(Nop),
  /*   27 E> */ B(LdaNamedProperty), R(arg0), U8(0), U8(3),
  /*   35 S> */ B(Nop),
  /*   37 E> */ B(LdaNamedProperty), R(arg0), U8(0), U8(5),
  /*   45 S> */ B(Nop),
  /*   47 E> */ B(LdaNamedProperty), R(arg0), U8(0), U8(7),
  /*   55 S> */ B(Nop),
  /*   57 E> */ B(LdaNamedProperty), R(arg0), U8(0), U8(9),
  /*   65 S> */ B(Nop),
  /*   67 E> */ B(LdaNamedProperty), R(arg0), U8(0), U8(11),
  /*   75 S> */ B(Nop),
  /*   77 E> */ B(LdaNamedProperty), R(arg0), U8(0), U8(13),
  /*   85 S> */ B(Nop),
  /*   87 E> */ B(LdaNamedProperty), R(arg0), U8(0), U8(15),
  /*   95 S> */ B(Nop),
  /*   97 E> */ B(LdaNamedProperty), R(arg0), U8(0), U8(17),
  /*  105 S> */ B(Nop),
  /*  107 E> */ B(LdaNamedProperty), R(arg0), U8(0), U8(19),
  /*  115 S> */ B(Nop),
  /*  117 E> */ B(LdaNamedProperty), R(arg0), U8(0), U8(21),
  /*  125 S> */ B(Nop),
  /*  127 E> */ B(LdaNamedProperty), R(arg0), U8(0), U8(23),
  /*  135 S> */ B(Nop),
  /*  137 E> */ B(LdaNamedProperty), R(arg0), U8(0), U8(25),
  /*  145 S> */ B(Nop),
  /*  147 E> */ B(LdaNamedProperty), R(arg0), U8(0), U8(27),
  /*  155 S> */ B(Nop),
  /*  157 E> */ B(LdaNamedProperty), R(arg0), U8(0), U8(29),
  /*  165 S> */ B(Nop),
  /*  167 E> */ B(LdaNamedProperty), R(arg0), U8(0), U8(31),
  /*  175 S> */ B(Nop),
  /*  177 E> */ B(LdaNamedProperty), R(arg0), U8(0), U8(33),
  /*  185 S> */ B(Nop),
  /*  187 E> */ B(LdaNamedProperty), R(arg0), U8(0), U8(35),
  /*  195 S> */ B(Nop),
  /*  197 E> */ B(LdaNamedProperty), R(arg0), U8(0), U8(37),
  /*  205 S> */ B(Nop),
  /*  207 E> */ B(LdaNamedProperty), R(arg0), U8(0), U8(39),
  /*  215 S> */ B(Nop),
  /*  217 E> */ B(LdaNamedProperty), R(arg0), U8(0), U8(41),
  /*  225 S> */ B(Nop),
  /*  227 E> */ B(LdaNamedProperty), R(arg0), U8(0), U8(43),
  /*  235 S> */ B(Nop),
  /*  237 E> */ B(LdaNamedProperty), R(arg0), U8(0), U8(45),
  /*  245 S> */ B(Nop),
  /*  247 E> */ B(LdaNamedProperty), R(arg0), U8(0), U8(47),
  /*  255 S> */ B(Nop),
  /*  257 E> */ B(LdaNamedProperty), R(arg0), U8(0), U8(49),
  /*  265 S> */ B(Nop),
  /*  267 E> */ B(LdaNamedProperty), R(arg0), U8(0), U8(51),
  /*  275 S> */ B(Nop),
  /*  277 E> */ B(LdaNamedProperty), R(arg0), U8(0), U8(53),
  /*  285 S> */ B(Nop),
  /*  287 E> */ B(LdaNamedProperty), R(arg0), U8(0), U8(55),
  /*  295 S> */ B(Nop),
  /*  297 E> */ B(LdaNamedProperty), R(arg0), U8(0), U8(57),
  /*  305 S> */ B(Nop),
  /*  307 E> */ B(LdaNamedProperty), R(arg0), U8(0), U8(59),
  /*  315 S> */ B(Nop),
  /*  317 E> */ B(LdaNamedProperty), R(arg0), U8(0), U8(61),
  /*  325 S> */ B(Nop),
  /*  327 E> */ B(LdaNamedProperty), R(arg0), U8(0), U8(63),
  /*  335 S> */ B(Nop),
  /*  337 E> */ B(LdaNamedProperty), R(arg0), U8(0), U8(65),
  /*  345 S> */ B(Nop),
  /*  347 E> */ B(LdaNamedProperty), R(arg0), U8(0), U8(67),
  /*  355 S> */ B(Nop),
  /*  357 E> */ B(LdaNamedProperty), R(arg0), U8(0), U8(69),
  /*  365 S> */ B(Nop),
  /*  367 E> */ B(LdaNamedProperty), R(arg0), U8(0), U8(71),
  /*  375 S> */ B(Nop),
  /*  377 E> */ B(LdaNamedProperty), R(arg0), U8(0), U8(73),
  /*  385 S> */ B(Nop),
  /*  387 E> */ B(LdaNamedProperty), R(arg0), U8(0), U8(75),
  /*  395 S> */ B(Nop),
  /*  397 E> */ B(LdaNamedProperty), R(arg0), U8(0), U8(77),
  /*  405 S> */ B(Nop),
  /*  407 E> */ B(LdaNamedProperty), R(arg0), U8(0), U8(79),
  /*  415 S> */ B(Nop),
  /*  417 E> */ B(LdaNamedProperty), R(arg0), U8(0), U8(81),
  /*  425 S> */ B(Nop),
  /*  427 E> */ B(LdaNamedProperty), R(arg0), U8(0), U8(83),
  /*  435 S> */ B(Nop),
  /*  437 E> */ B(LdaNamedProperty), R(arg0), U8(0), U8(85),
  /*  445 S> */ B(Nop),
  /*  447 E> */ B(LdaNamedProperty), R(arg0), U8(0), U8(87),
  /*  455 S> */ B(Nop),
  /*  457 E> */ B(LdaNamedProperty), R(arg0), U8(0), U8(89),
  /*  465 S> */ B(Nop),
  /*  467 E> */ B(LdaNamedProperty), R(arg0), U8(0), U8(91),
  /*  475 S> */ B(Nop),
  /*  477 E> */ B(LdaNamedProperty), R(arg0), U8(0), U8(93),
  /*  485 S> */ B(Nop),
  /*  487 E> */ B(LdaNamedProperty), R(arg0), U8(0), U8(95),
  /*  495 S> */ B(Nop),
  /*  497 E> */ B(LdaNamedProperty), R(arg0), U8(0), U8(97),
  /*  505 S> */ B(Nop),
  /*  507 E> */ B(LdaNamedProperty), R(arg0), U8(0), U8(99),
  /*  515 S> */ B(Nop),
  /*  517 E> */ B(LdaNamedProperty), R(arg0), U8(0), U8(101),
  /*  525 S> */ B(Nop),
  /*  527 E> */ B(LdaNamedProperty), R(arg0), U8(0), U8(103),
  /*  535 S> */ B(Nop),
  /*  537 E> */ B(LdaNamedProperty), R(arg0), U8(0), U8(105),
  /*  545 S> */ B(Nop),
  /*  547 E> */ B(LdaNamedProperty), R(arg0), U8(0), U8(107),
  /*  555 S> */ B(Nop),
  /*  557 E> */ B(LdaNamedProperty), R(arg0), U8(0), U8(109),
  /*  565 S> */ B(Nop),
  /*  567 E> */ B(LdaNamedProperty), R(arg0), U8(0), U8(111),
  /*  575 S> */ B(Nop),
  /*  577 E> */ B(LdaNamedProperty), R(arg0), U8(0), U8(113),
  /*  585 S> */ B(Nop),
  /*  587 E> */ B(LdaNamedProperty), R(arg0), U8(0), U8(115),
  /*  595 S> */ B(Nop),
  /*  597 E> */ B(LdaNamedProperty), R(arg0), U8(0), U8(117),
  /*  605 S> */ B(Nop),
  /*  607 E> */ B(LdaNamedProperty), R(arg0), U8(0), U8(119),
  /*  615 S> */ B(Nop),
  /*  617 E> */ B(LdaNamedProperty), R(arg0), U8(0), U8(121),
  /*  625 S> */ B(Nop),
  /*  627 E> */ B(LdaNamedProperty), R(arg0), U8(0), U8(123),
  /*  635 S> */ B(Nop),
  /*  637 E> */ B(LdaNamedProperty), R(arg0), U8(0), U8(125),
  /*  645 S> */ B(Nop),
  /*  647 E> */ B(LdaNamedProperty), R(arg0), U8(0), U8(127),
  /*  655 S> */ B(Nop),
  /*  657 E> */ B(LdaNamedProperty), R(arg0), U8(0), U8(129),
  /*  665 S> */ B(Nop),
  /*  667 E> */ B(LdaNamedProperty), R(arg0), U8(0), U8(131),
  /*  675 S> */ B(Nop),
  /*  677 E> */ B(LdaNamedProperty), R(arg0), U8(0), U8(133),
  /*  685 S> */ B(Nop),
  /*  687 E> */ B(LdaNamedProperty), R(arg0), U8(0), U8(135),
  /*  695 S> */ B(Nop),
  /*  697 E> */ B(LdaNamedProperty), R(arg0), U8(0), U8(137),
  /*  705 S> */ B(Nop),
  /*  707 E> */ B(LdaNamedProperty), R(arg0), U8(0), U8(139),
  /*  715 S> */ B(Nop),
  /*  717 E> */ B(LdaNamedProperty), R(arg0), U8(0), U8(141),
  /*  725 S> */ B(Nop),
  /*  727 E> */ B(LdaNamedProperty), R(arg0), U8(0), U8(143),
  /*  735 S> */ B(Nop),
  /*  737 E> */ B(LdaNamedProperty), R(arg0), U8(0), U8(145),
  /*  745 S> */ B(Nop),
  /*  747 E> */ B(LdaNamedProperty), R(arg0), U8(0), U8(147),
  /*  755 S> */ B(Nop),
  /*  757 E> */ B(LdaNamedProperty), R(arg0), U8(0), U8(149),
  /*  765 S> */ B(Nop),
  /*  767 E> */ B(LdaNamedProperty), R(arg0), U8(0), U8(151),
  /*  775 S> */ B(Nop),
  /*  777 E> */ B(LdaNamedProperty), R(arg0), U8(0), U8(153),
  /*  785 S> */ B(Nop),
  /*  787 E> */ B(LdaNamedProperty), R(arg0), U8(0), U8(155),
  /*  795 S> */ B(Nop),
  /*  797 E> */ B(LdaNamedProperty), R(arg0), U8(0), U8(157),
  /*  805 S> */ B(Nop),
  /*  807 E> */ B(LdaNamedProperty), R(arg0), U8(0), U8(159),
  /*  815 S> */ B(Nop),
  /*  817 E> */ B(LdaNamedProperty), R(arg0), U8(0), U8(161),
  /*  825 S> */ B(Nop),
  /*  827 E> */ B(LdaNamedProperty), R(arg0), U8(0), U8(163),
  /*  835 S> */ B(Nop),
  /*  837 E> */ B(LdaNamedProperty), R(arg0), U8(0), U8(165),
  /*  845 S> */ B(Nop),
  /*  847 E> */ B(LdaNamedProperty), R(arg0), U8(0), U8(167),
  /*  855 S> */ B(Nop),
  /*  857 E> */ B(LdaNamedProperty), R(arg0), U8(0), U8(169),
  /*  865 S> */ B(Nop),
  /*  867 E> */ B(LdaNamedProperty), R(arg0), U8(0), U8(171),
  /*  875 S> */ B(Nop),
  /*  877 E> */ B(LdaNamedProperty), R(arg0), U8(0), U8(173),
  /*  885 S> */ B(Nop),
  /*  887 E> */ B(LdaNamedProperty), R(arg0), U8(0), U8(175),
  /*  895 S> */ B(Nop),
  /*  897 E> */ B(LdaNamedProperty), R(arg0), U8(0), U8(177),
  /*  905 S> */ B(Nop),
  /*  907 E> */ B(LdaNamedProperty), R(arg0), U8(0), U8(179),
  /*  915 S> */ B(Nop),
  /*  917 E> */ B(LdaNamedProperty), R(arg0), U8(0), U8(181),
  /*  925 S> */ B(Nop),
  /*  927 E> */ B(LdaNamedProperty), R(arg0), U8(0), U8(183),
  /*  935 S> */ B(Nop),
  /*  937 E> */ B(LdaNamedProperty), R(arg0), U8(0), U8(185),
  /*  945 S> */ B(Nop),
  /*  947 E> */ B(LdaNamedProperty), R(arg0), U8(0), U8(187),
  /*  955 S> */ B(Nop),
  /*  957 E> */ B(LdaNamedProperty), R(arg0), U8(0), U8(189),
  /*  965 S> */ B(Nop),
  /*  967 E> */ B(LdaNamedProperty), R(arg0), U8(0), U8(191),
  /*  975 S> */ B(Nop),
  /*  977 E> */ B(LdaNamedProperty), R(arg0), U8(0), U8(193),
  /*  985 S> */ B(Nop),
  /*  987 E> */ B(LdaNamedProperty), R(arg0), U8(0), U8(195),
  /*  995 S> */ B(Nop),
  /*  997 E> */ B(LdaNamedProperty), R(arg0), U8(0), U8(197),
  /* 1005 S> */ B(Nop),
  /* 1007 E> */ B(LdaNamedProperty), R(arg0), U8(0), U8(199),
  /* 1015 S> */ B(Nop),
  /* 1017 E> */ B(LdaNamedProperty), R(arg0), U8(0), U8(201),
  /* 1025 S> */ B(Nop),
  /* 1027 E> */ B(LdaNamedProperty), R(arg0), U8(0), U8(203),
  /* 1035 S> */ B(Nop),
  /* 1037 E> */ B(LdaNamedProperty), R(arg0), U8(0), U8(205),
  /* 1045 S> */ B(Nop),
  /* 1047 E> */ B(LdaNamedProperty), R(arg0), U8(0), U8(207),
  /* 1055 S> */ B(Nop),
  /* 1057 E> */ B(LdaNamedProperty), R(arg0), U8(0), U8(209),
  /* 1065 S> */ B(Nop),
  /* 1067 E> */ B(LdaNamedProperty), R(arg0), U8(0), U8(211),
  /* 1075 S> */ B(Nop),
  /* 1077 E> */ B(LdaNamedProperty), R(arg0), U8(0), U8(213),
  /* 1085 S> */ B(Nop),
  /* 1087 E> */ B(LdaNamedProperty), R(arg0), U8(0), U8(215),
  /* 1095 S> */ B(Nop),
  /* 1097 E> */ B(LdaNamedProperty), R(arg0), U8(0), U8(217),
  /* 1105 S> */ B(Nop),
  /* 1107 E> */ B(LdaNamedProperty), R(arg0), U8(0), U8(219),
  /* 1115 S> */ B(Nop),
  /* 1117 E> */ B(LdaNamedProperty), R(arg0), U8(0), U8(221),
  /* 1125 S> */ B(Nop),
  /* 1127 E> */ B(LdaNamedProperty), R(arg0), U8(0), U8(223),
  /* 1135 S> */ B(Nop),
  /* 1137 E> */ B(LdaNamedProperty), R(arg0), U8(0), U8(225),
  /* 1145 S> */ B(Nop),
  /* 1147 E> */ B(LdaNamedProperty), R(arg0), U8(0), U8(227),
  /* 1155 S> */ B(Nop),
  /* 1157 E> */ B(LdaNamedProperty), R(arg0), U8(0), U8(229),
  /* 1165 S> */ B(Nop),
  /* 1167 E> */ B(LdaNamedProperty), R(arg0), U8(0), U8(231),
  /* 1175 S> */ B(Nop),
  /* 1177 E> */ B(LdaNamedProperty), R(arg0), U8(0), U8(233),
  /* 1185 S> */ B(Nop),
  /* 1187 E> */ B(LdaNamedProperty), R(arg0), U8(0), U8(235),
  /* 1195 S> */ B(Nop),
  /* 1197 E> */ B(LdaNamedProperty), R(arg0), U8(0), U8(237),
  /* 1205 S> */ B(Nop),
  /* 1207 E> */ B(LdaNamedProperty), R(arg0), U8(0), U8(239),
  /* 1215 S> */ B(Nop),
  /* 1217 E> */ B(LdaNamedProperty), R(arg0), U8(0), U8(241),
  /* 1225 S> */ B(Nop),
  /* 1227 E> */ B(LdaNamedProperty), R(arg0), U8(0), U8(243),
  /* 1235 S> */ B(Nop),
  /* 1237 E> */ B(LdaNamedProperty), R(arg0), U8(0), U8(245),
  /* 1245 S> */ B(Nop),
  /* 1247 E> */ B(LdaNamedProperty), R(arg0), U8(0), U8(247),
  /* 1255 S> */ B(Nop),
  /* 1257 E> */ B(LdaNamedProperty), R(arg0), U8(0), U8(249),
  /* 1265 S> */ B(Nop),
  /* 1267 E> */ B(LdaNamedProperty), R(arg0), U8(0), U8(251),
  /* 1275 S> */ B(Nop),
  /* 1277 E> */ B(LdaNamedProperty), R(arg0), U8(0), U8(253),
  /* 1285 S> */ B(Nop),
  /* 1287 E> */ B(LdaNamedProperty), R(arg0), U8(0), U8(255),
  /* 1295 S> */ B(Nop),
  /* 1297 E> */ B(Wide), B(LdaNamedProperty), R16(arg0), U16(0), U16(257),
  /* 1305 S> */ B(Wide), B(LdaGlobal), U16(1), U16(259),
  /* 1315 S> */ B(Return),
]
constant pool: [
  ONE_BYTE_INTERNALIZED_STRING_TYPE ["name"],
  ONE_BYTE_INTERNALIZED_STRING_TYPE ["a"],
]
handlers: [
]

