#
# Autogenerated by generate-bytecode-expectations.
#

---
wrap: no
top level: yes

---
snippet: "
  
        l = {
          'a': 1,
          'b': 2
        };
  
        v = l['a'] + l['b'];
        l['b'] = 7;
        l['a'] = l['b'];
  
"
frame size: 7
parameter count: 1
bytecode array length: 122
bytecodes: [
  /*    0 E> */ B(StackCheck),
  /*    7 S> */ B(CreateObjectLiteral), U8(0), U8(0), U8(41), R(1),
                B(Ldar), R(1),
  /*    9 E> */ B(StaGlobal), U8(1), U8(1),
  /*   60 S> */ B(LdaGlobal), U8(1), U8(4),
                B(Star), R(1),
                B(LdaConstant), U8(2),
                B(Star), R(3),
                B(Mov), R(1), R(2),
  /*   65 E> */ B(InvokeIntrinsic), U8(Runtime::k_GetProperty), R(2), U8(2),
                B(Star), R(1),
  /*   73 E> */ B(LdaGlobal), U8(1), U8(4),
                B(Star), R(2),
                B(LdaConstant), U8(3),
                B(Star), R(4),
                B(Mov), R(2), R(3),
  /*   74 E> */ B(InvokeIntrinsic), U8(Runtime::k_GetProperty), R(3), U8(2),
  /*   71 E> */ B(Add), R(1), U8(3),
  /*   62 E> */ B(StaGlobal), U8(4), U8(6),
  /*   87 S> */ B(LdaGlobal), U8(1), U8(4),
                B(Star), R(1),
                B(LdaSmi), I8(7),
                B(Star), R(4),
                B(LdaConstant), U8(3),
                B(Star), R(3),
                B(LdaZero),
                B(Star), R(5),
                B(Mov), R(1), R(2),
  /*   94 E> */ B(CallRuntime), U16(Runtime::kSetProperty), R(2), U8(4),
  /*  105 S> */ B(LdaGlobal), U8(1), U8(4),
                B(Star), R(1),
  /*  114 E> */ B(LdaGlobal), U8(1), U8(4),
                B(Star), R(2),
                B(LdaConstant), U8(3),
                B(Star), R(4),
                B(Mov), R(2), R(3),
  /*  115 E> */ B(InvokeIntrinsic), U8(Runtime::k_GetProperty), R(3), U8(2),
                B(Star), R(2),
                B(LdaConstant), U8(2),
                B(Star), R(4),
                B(LdaZero),
                B(Star), R(6),
                B(Mov), R(1), R(3),
                B(Mov), R(2), R(5),
  /*  112 E> */ B(CallRuntime), U16(Runtime::kSetProperty), R(3), U8(4),
                B(Mov), R(5), R(0),
                B(Ldar), R(0),
  /*  123 S> */ B(Return),
]
constant pool: [
  OBJECT_BOILERPLATE_DESCRIPTION_TYPE,
  ONE_BYTE_INTERNALIZED_STRING_TYPE ["l"],
  ONE_BYTE_INTERNALIZED_STRING_TYPE ["a"],
  ONE_BYTE_INTERNALIZED_STRING_TYPE ["b"],
  ONE_BYTE_INTERNALIZED_STRING_TYPE ["v"],
]
handlers: [
]

---
snippet: "
  
        l = {
          'a': 1.1,
          'b': 2.2
        };
        for (i = 0; i < 5; ++i) {
          l['a'] = l['a'] + l['b'];
          l['b'] = l['a'] + l['b'];
        }
  
"
frame size: 4
parameter count: 1
bytecode array length: 114
bytecodes: [
  /*    0 E> */ B(StackCheck),
  /*    7 S> */ B(CreateObjectLiteral), U8(0), U8(0), U8(41), R(1),
                B(Ldar), R(1),
  /*    9 E> */ B(StaGlobal), U8(1), U8(1),
                B(LdaUndefined),
                B(Star), R(0),
  /*   68 S> */ B(LdaZero),
  /*   70 E> */ B(StaGlobal), U8(2), U8(3),
  /*   77 S> */ B(LdaGlobal), U8(2), U8(5),
                B(Star), R(1),
                B(LdaSmi), I8(5),
  /*   77 E> */ B(TestLessThan), R(1), U8(7),
                B(JumpIfFalse), U8(83),
  /*   63 E> */ B(StackCheck),
  /*   97 S> */ B(LdaGlobal), U8(1), U8(8),
                B(Star), R(1),
  /*  106 E> */ B(LdaGlobal), U8(1), U8(8),
                B(Star), R(2),
  /*  107 E> */ B(LdaNamedProperty), R(2), U8(3), U8(11),
                B(Star), R(2),
  /*  115 E> */ B(LdaGlobal), U8(1), U8(8),
                B(Star), R(3),
  /*  116 E> */ B(LdaNamedProperty), R(3), U8(4), U8(13),
  /*  113 E> */ B(Add), R(2), U8(10),
  /*  104 E> */ B(StaNamedProperty), R(1), U8(3), U8(15),
  /*  131 S> */ B(LdaGlobal), U8(1), U8(8),
                B(Star), R(1),
  /*  140 E> */ B(LdaGlobal), U8(1), U8(8),
                B(Star), R(2),
  /*  141 E> */ B(LdaNamedProperty), R(2), U8(3), U8(11),
                B(Star), R(2),
  /*  149 E> */ B(LdaGlobal), U8(1), U8(8),
                B(Star), R(3),
  /*  150 E> */ B(LdaNamedProperty), R(3), U8(4), U8(13),
  /*  147 E> */ B(Add), R(2), U8(17),
                B(Star), R(2),
  /*  138 E> */ B(StaNamedProperty), R(1), U8(4), U8(18),
                B(Mov), R(2), R(0),
  /*   84 S> */ B(LdaGlobal), U8(2), U8(5),
                B(Inc), U8(20),
  /*   84 E> */ B(StaGlobal), U8(2), U8(3),
                B(JumpLoop), U8(90), I8(0),
                B(Ldar), R(0),
  /*  166 S> */ B(Return),
]
constant pool: [
  OBJECT_BOILERPLATE_DESCRIPTION_TYPE,
  ONE_BYTE_INTERNALIZED_STRING_TYPE ["l"],
  ONE_BYTE_INTERNALIZED_STRING_TYPE ["i"],
  ONE_BYTE_INTERNALIZED_STRING_TYPE ["a"],
  ONE_BYTE_INTERNALIZED_STRING_TYPE ["b"],
]
handlers: [
]

---
snippet: "
  
        l = {
          'a': 1.1,
          'b': 2.2
        };
        while (s > 0) {
          l['a']  = l['a'] - l['b'];
          l['b']  = l['b'] - l['a'];
        }
  
"
frame size: 4
parameter count: 1
bytecode array length: 103
bytecodes: [
  /*    0 E> */ B(StackCheck),
  /*    7 S> */ B(CreateObjectLiteral), U8(0), U8(0), U8(41), R(1),
                B(Ldar), R(1),
  /*    9 E> */ B(StaGlobal), U8(1), U8(1),
                B(LdaUndefined),
                B(Star), R(0),
  /*   72 S> */ B(LdaGlobal), U8(2), U8(3),
                B(Star), R(1),
                B(LdaZero),
  /*   72 E> */ B(TestGreaterThan), R(1), U8(5),
                B(JumpIfFalse), U8(77),
  /*   63 E> */ B(StackCheck),
  /*   87 S> */ B(LdaGlobal), U8(1), U8(6),
                B(Star), R(1),
  /*   97 E> */ B(LdaGlobal), U8(1), U8(6),
                B(Star), R(2),
  /*   98 E> */ B(LdaNamedProperty), R(2), U8(3), U8(9),
                B(Star), R(2),
  /*  106 E> */ B(LdaGlobal), U8(1), U8(6),
                B(Star), R(3),
  /*  107 E> */ B(LdaNamedProperty), R(3), U8(4), U8(11),
  /*  104 E> */ B(Sub), R(2), U8(8),
  /*   95 E> */ B(StaNamedProperty), R(1), U8(3), U8(13),
  /*  122 S> */ B(LdaGlobal), U8(1), U8(6),
                B(Star), R(1),
  /*  132 E> */ B(LdaGlobal), U8(1), U8(6),
                B(Star), R(2),
  /*  133 E> */ B(LdaNamedProperty), R(2), U8(4), U8(11),
                B(Star), R(2),
  /*  141 E> */ B(LdaGlobal), U8(1), U8(6),
                B(Star), R(3),
  /*  142 E> */ B(LdaNamedProperty), R(3), U8(3), U8(9),
  /*  139 E> */ B(Sub), R(2), U8(15),
                B(Star), R(2),
  /*  130 E> */ B(StaNamedProperty), R(1), U8(4), U8(16),
                B(Mov), R(2), R(0),
                B(Ldar), R(2),
                B(JumpLoop), U8(83), I8(0),
                B(Ldar), R(0),
  /*  158 S> */ B(Return),
]
constant pool: [
  OBJECT_BOILERPLATE_DESCRIPTION_TYPE,
  ONE_BYTE_INTERNALIZED_STRING_TYPE ["l"],
  ONE_BYTE_INTERNALIZED_STRING_TYPE ["s"],
  ONE_BYTE_INTERNALIZED_STRING_TYPE ["a"],
  ONE_BYTE_INTERNALIZED_STRING_TYPE ["b"],
]
handlers: [
]

---
snippet: "
  
        l = {
          'a': 1.1,
          'b': 2.2
        };
        s = 10;
        do {
          l['a'] = l['b'] - l['a'];
        } while (s < 10);
  
"
frame size: 4
parameter count: 1
bytecode array length: 75
bytecodes: [
  /*    0 E> */ B(StackCheck),
  /*    7 S> */ B(CreateObjectLiteral), U8(0), U8(0), U8(41), R(1),
                B(Ldar), R(1),
  /*    9 E> */ B(StaGlobal), U8(1), U8(1),
  /*   63 S> */ B(LdaSmi), I8(10),
  /*   65 E> */ B(StaGlobal), U8(2), U8(3),
                B(LdaUndefined),
                B(Star), R(0),
  /*   77 E> */ B(StackCheck),
  /*   90 S> */ B(LdaGlobal), U8(1), U8(5),
                B(Star), R(1),
  /*   99 E> */ B(LdaGlobal), U8(1), U8(5),
                B(Star), R(2),
  /*  100 E> */ B(LdaNamedProperty), R(2), U8(3), U8(8),
                B(Star), R(2),
  /*  108 E> */ B(LdaGlobal), U8(1), U8(5),
                B(Star), R(3),
  /*  109 E> */ B(LdaNamedProperty), R(3), U8(4), U8(10),
  /*  106 E> */ B(Sub), R(2), U8(7),
                B(Star), R(2),
  /*   97 E> */ B(StaNamedProperty), R(1), U8(4), U8(12),
                B(Mov), R(2), R(0),
  /*  133 S> */ B(LdaGlobal), U8(2), U8(14),
                B(Star), R(1),
                B(LdaSmi), I8(10),
  /*  133 E> */ B(TestLessThan), R(1), U8(16),
                B(JumpIfFalse), U8(5),
                B(JumpLoop), U8(50), I8(0),
                B(Ldar), R(0),
  /*  141 S> */ B(Return),
]
constant pool: [
  OBJECT_BOILERPLATE_DESCRIPTION_TYPE,
  ONE_BYTE_INTERNALIZED_STRING_TYPE ["l"],
  ONE_BYTE_INTERNALIZED_STRING_TYPE ["s"],
  ONE_BYTE_INTERNALIZED_STRING_TYPE ["b"],
  ONE_BYTE_INTERNALIZED_STRING_TYPE ["a"],
]
handlers: [
]

---
snippet: "
  
        l = {
          'cc': 3.1,
          'dd': 4.2
        };
        if (l['cc'] < 3) {
          l['cc'] = 3;
        } else {
          l['dd'] = 3;
        }
        
"
frame size: 7
parameter count: 1
bytecode array length: 105
bytecodes: [
  /*    0 E> */ B(StackCheck),
  /*    7 S> */ B(CreateObjectLiteral), U8(0), U8(0), U8(41), R(1),
                B(Ldar), R(1),
  /*    9 E> */ B(StaGlobal), U8(1), U8(1),
  /*   65 S> */ B(LdaGlobal), U8(1), U8(3),
                B(Star), R(1),
                B(LdaConstant), U8(2),
                B(Star), R(3),
                B(Mov), R(1), R(2),
  /*   70 E> */ B(InvokeIntrinsic), U8(Runtime::k_GetProperty), R(2), U8(2),
                B(Star), R(1),
                B(LdaSmi), I8(3),
  /*   77 E> */ B(TestLessThan), R(1), U8(5),
                B(JumpIfFalse), U8(36),
  /*   92 S> */ B(LdaGlobal), U8(1), U8(3),
                B(Star), R(1),
                B(LdaSmi), I8(3),
                B(Star), R(2),
                B(LdaConstant), U8(2),
                B(Star), R(4),
                B(LdaZero),
                B(Star), R(6),
                B(Mov), R(1), R(3),
                B(Mov), R(2), R(5),
  /*  100 E> */ B(CallRuntime), U16(Runtime::kSetProperty), R(3), U8(4),
                B(Mov), R(5), R(0),
                B(Ldar), R(2),
                B(Jump), U8(34),
  /*  128 S> */ B(LdaGlobal), U8(1), U8(3),
                B(Star), R(1),
                B(LdaSmi), I8(3),
                B(Star), R(2),
                B(LdaConstant), U8(3),
                B(Star), R(4),
                B(LdaZero),
                B(Star), R(6),
                B(Mov), R(1), R(3),
                B(Mov), R(2), R(5),
  /*  136 E> */ B(CallRuntime), U16(Runtime::kSetProperty), R(3), U8(4),
                B(Mov), R(5), R(0),
                B(Ldar), R(2),
                B(Ldar), R(0),
  /*  156 S> */ B(Return),
]
constant pool: [
  OBJECT_BOILERPLATE_DESCRIPTION_TYPE,
  ONE_BYTE_INTERNALIZED_STRING_TYPE ["l"],
  ONE_BYTE_INTERNALIZED_STRING_TYPE ["cc"],
  ONE_BYTE_INTERNALIZED_STRING_TYPE ["dd"],
]
handlers: [
]

