#
# Autogenerated by generate-bytecode-expectations.
#

---
wrap: no
test function name: f

---
snippet: "
  function f(a) { return a.func(); }
  f(new (function Obj() { this.func = function() { return; }})())
"
frame size: 1
parameter count: 2
bytecode array length: 13
bytecodes: [
  /*   10 E> */ B(StackCheck),
  /*   16 S> */ B(Nop),
  /*   25 E> */ B(LdaNamedProperty), R(arg0), U8(0), U8(5),
                B(Star), R(0),
  /*   25 E> */ B(CallProperty0), R(0), R(arg0), U8(3),
  /*   33 S> */ B(Return),
]
constant pool: [
  ONE_BYTE_INTERNALIZED_STRING_TYPE ["func"],
]
handlers: [
]

---
snippet: "
  function f(a, b, c) { return a.func(b, c); }
  f(new (function Obj() { this.func = function() { return; }})(), 1, 2)
"
frame size: 1
parameter count: 4
bytecode array length: 15
bytecodes: [
  /*   10 E> */ B(StackCheck),
  /*   22 S> */ B(Nop),
  /*   31 E> */ B(LdaNamedProperty), R(arg0), U8(0), U8(5),
                B(Star), R(0),
  /*   31 E> */ B(CallProperty2), R(0), R(arg0), R(arg1), R(arg2), U8(3),
  /*   43 S> */ B(Return),
]
constant pool: [
  ONE_BYTE_INTERNALIZED_STRING_TYPE ["func"],
]
handlers: [
]

---
snippet: "
  function f(a, b) { return a.func(b + b, b); }
  f(new (function Obj() { this.func = function() { return; }})(), 1)
"
frame size: 3
parameter count: 3
bytecode array length: 22
bytecodes: [
  /*   10 E> */ B(StackCheck),
  /*   19 S> */ B(Nop),
  /*   28 E> */ B(LdaNamedProperty), R(arg0), U8(0), U8(5),
                B(Star), R(0),
                B(Ldar), R(arg1),
  /*   35 E> */ B(Add), R(arg1), U8(7),
                B(Star), R(2),
  /*   28 E> */ B(CallProperty2), R(0), R(arg0), R(2), R(arg1), U8(3),
  /*   44 S> */ B(Return),
]
constant pool: [
  ONE_BYTE_INTERNALIZED_STRING_TYPE ["func"],
]
handlers: [
]

---
snippet: "
  function f(a) {
   a.func;
   a.func;
   a.func;
   a.func;
   a.func;
   a.func;
   a.func;
   a.func;
   a.func;
   a.func;
   a.func;
   a.func;
   a.func;
   a.func;
   a.func;
   a.func;
   a.func;
   a.func;
   a.func;
   a.func;
   a.func;
   a.func;
   a.func;
   a.func;
   a.func;
   a.func;
   a.func;
   a.func;
   a.func;
   a.func;
   a.func;
   a.func;
   a.func;
   a.func;
   a.func;
   a.func;
   a.func;
   a.func;
   a.func;
   a.func;
   a.func;
   a.func;
   a.func;
   a.func;
   a.func;
   a.func;
   a.func;
   a.func;
   a.func;
   a.func;
   a.func;
   a.func;
   a.func;
   a.func;
   a.func;
   a.func;
   a.func;
   a.func;
   a.func;
   a.func;
   a.func;
   a.func;
   a.func;
   a.func;
   a.func;
   a.func;
   a.func;
   a.func;
   a.func;
   a.func;
   a.func;
   a.func;
   a.func;
   a.func;
   a.func;
   a.func;
   a.func;
   a.func;
   a.func;
   a.func;
   a.func;
   a.func;
   a.func;
   a.func;
   a.func;
   a.func;
   a.func;
   a.func;
   a.func;
   a.func;
   a.func;
   a.func;
   a.func;
   a.func;
   a.func;
   a.func;
   a.func;
   a.func;
   a.func;
   a.func;
   a.func;
   a.func;
   a.func;
   a.func;
   a.func;
   a.func;
   a.func;
   a.func;
   a.func;
   a.func;
   a.func;
   a.func;
   a.func;
   a.func;
   a.func;
   a.func;
   a.func;
   a.func;
   a.func;
   a.func;
   a.func;
   a.func;
   a.func;
   a.func;
   a.func;
   a.func;
   a.func;
   a.func;
   return a.func(); }
  f(new (function Obj() { this.func = function() { return; }})())
"
frame size: 1
parameter count: 2
bytecode array length: 665
bytecodes: [
  /*   10 E> */ B(StackCheck),
  /*   17 S> */ B(Nop),
  /*   19 E> */ B(LdaNamedProperty), R(arg0), U8(0), U8(3),
  /*   26 S> */ B(Nop),
  /*   28 E> */ B(LdaNamedProperty), R(arg0), U8(0), U8(5),
  /*   35 S> */ B(Nop),
  /*   37 E> */ B(LdaNamedProperty), R(arg0), U8(0), U8(7),
  /*   44 S> */ B(Nop),
  /*   46 E> */ B(LdaNamedProperty), R(arg0), U8(0), U8(9),
  /*   53 S> */ B(Nop),
  /*   55 E> */ B(LdaNamedProperty), R(arg0), U8(0), U8(11),
  /*   62 S> */ B(Nop),
  /*   64 E> */ B(LdaNamedProperty), R(arg0), U8(0), U8(13),
  /*   71 S> */ B(Nop),
  /*   73 E> */ B(LdaNamedProperty), R(arg0), U8(0), U8(15),
  /*   80 S> */ B(Nop),
  /*   82 E> */ B(LdaNamedProperty), R(arg0), U8(0), U8(17),
  /*   89 S> */ B(Nop),
  /*   91 E> */ B(LdaNamedProperty), R(arg0), U8(0), U8(19),
  /*   98 S> */ B(Nop),
  /*  100 E> */ B(LdaNamedProperty), R(arg0), U8(0), U8(21),
  /*  107 S> */ B(Nop),
  /*  109 E> */ B(LdaNamedProperty), R(arg0), U8(0), U8(23),
  /*  116 S> */ B(Nop),
  /*  118 E> */ B(LdaNamedProperty), R(arg0), U8(0), U8(25),
  /*  125 S> */ B(Nop),
  /*  127 E> */ B(LdaNamedProperty), R(arg0), U8(0), U8(27),
  /*  134 S> */ B(Nop),
  /*  136 E> */ B(LdaNamedProperty), R(arg0), U8(0), U8(29),
  /*  143 S> */ B(Nop),
  /*  145 E> */ B(LdaNamedProperty), R(arg0), U8(0), U8(31),
  /*  152 S> */ B(Nop),
  /*  154 E> */ B(LdaNamedProperty), R(arg0), U8(0), U8(33),
  /*  161 S> */ B(Nop),
  /*  163 E> */ B(LdaNamedProperty), R(arg0), U8(0), U8(35),
  /*  170 S> */ B(Nop),
  /*  172 E> */ B(LdaNamedProperty), R(arg0), U8(0), U8(37),
  /*  179 S> */ B(Nop),
  /*  181 E> */ B(LdaNamedProperty), R(arg0), U8(0), U8(39),
  /*  188 S> */ B(Nop),
  /*  190 E> */ B(LdaNamedProperty), R(arg0), U8(0), U8(41),
  /*  197 S> */ B(Nop),
  /*  199 E> */ B(LdaNamedProperty), R(arg0), U8(0), U8(43),
  /*  206 S> */ B(Nop),
  /*  208 E> */ B(LdaNamedProperty), R(arg0), U8(0), U8(45),
  /*  215 S> */ B(Nop),
  /*  217 E> */ B(LdaNamedProperty), R(arg0), U8(0), U8(47),
  /*  224 S> */ B(Nop),
  /*  226 E> */ B(LdaNamedProperty), R(arg0), U8(0), U8(49),
  /*  233 S> */ B(Nop),
  /*  235 E> */ B(LdaNamedProperty), R(arg0), U8(0), U8(51),
  /*  242 S> */ B(Nop),
  /*  244 E> */ B(LdaNamedProperty), R(arg0), U8(0), U8(53),
  /*  251 S> */ B(Nop),
  /*  253 E> */ B(LdaNamedProperty), R(arg0), U8(0), U8(55),
  /*  260 S> */ B(Nop),
  /*  262 E> */ B(LdaNamedProperty), R(arg0), U8(0), U8(57),
  /*  269 S> */ B(Nop),
  /*  271 E> */ B(LdaNamedProperty), R(arg0), U8(0), U8(59),
  /*  278 S> */ B(Nop),
  /*  280 E> */ B(LdaNamedProperty), R(arg0), U8(0), U8(61),
  /*  287 S> */ B(Nop),
  /*  289 E> */ B(LdaNamedProperty), R(arg0), U8(0), U8(63),
  /*  296 S> */ B(Nop),
  /*  298 E> */ B(LdaNamedProperty), R(arg0), U8(0), U8(65),
  /*  305 S> */ B(Nop),
  /*  307 E> */ B(LdaNamedProperty), R(arg0), U8(0), U8(67),
  /*  314 S> */ B(Nop),
  /*  316 E> */ B(LdaNamedProperty), R(arg0), U8(0), U8(69),
  /*  323 S> */ B(Nop),
  /*  325 E> */ B(LdaNamedProperty), R(arg0), U8(0), U8(71),
  /*  332 S> */ B(Nop),
  /*  334 E> */ B(LdaNamedProperty), R(arg0), U8(0), U8(73),
  /*  341 S> */ B(Nop),
  /*  343 E> */ B(LdaNamedProperty), R(arg0), U8(0), U8(75),
  /*  350 S> */ B(Nop),
  /*  352 E> */ B(LdaNamedProperty), R(arg0), U8(0), U8(77),
  /*  359 S> */ B(Nop),
  /*  361 E> */ B(LdaNamedProperty), R(arg0), U8(0), U8(79),
  /*  368 S> */ B(Nop),
  /*  370 E> */ B(LdaNamedProperty), R(arg0), U8(0), U8(81),
  /*  377 S> */ B(Nop),
  /*  379 E> */ B(LdaNamedProperty), R(arg0), U8(0), U8(83),
  /*  386 S> */ B(Nop),
  /*  388 E> */ B(LdaNamedProperty), R(arg0), U8(0), U8(85),
  /*  395 S> */ B(Nop),
  /*  397 E> */ B(LdaNamedProperty), R(arg0), U8(0), U8(87),
  /*  404 S> */ B(Nop),
  /*  406 E> */ B(LdaNamedProperty), R(arg0), U8(0), U8(89),
  /*  413 S> */ B(Nop),
  /*  415 E> */ B(LdaNamedProperty), R(arg0), U8(0), U8(91),
  /*  422 S> */ B(Nop),
  /*  424 E> */ B(LdaNamedProperty), R(arg0), U8(0), U8(93),
  /*  431 S> */ B(Nop),
  /*  433 E> */ B(LdaNamedProperty), R(arg0), U8(0), U8(95),
  /*  440 S> */ B(Nop),
  /*  442 E> */ B(LdaNamedProperty), R(arg0), U8(0), U8(97),
  /*  449 S> */ B(Nop),
  /*  451 E> */ B(LdaNamedProperty), R(arg0), U8(0), U8(99),
  /*  458 S> */ B(Nop),
  /*  460 E> */ B(LdaNamedProperty), R(arg0), U8(0), U8(101),
  /*  467 S> */ B(Nop),
  /*  469 E> */ B(LdaNamedProperty), R(arg0), U8(0), U8(103),
  /*  476 S> */ B(Nop),
  /*  478 E> */ B(LdaNamedProperty), R(arg0), U8(0), U8(105),
  /*  485 S> */ B(Nop),
  /*  487 E> */ B(LdaNamedProperty), R(arg0), U8(0), U8(107),
  /*  494 S> */ B(Nop),
  /*  496 E> */ B(LdaNamedProperty), R(arg0), U8(0), U8(109),
  /*  503 S> */ B(Nop),
  /*  505 E> */ B(LdaNamedProperty), R(arg0), U8(0), U8(111),
  /*  512 S> */ B(Nop),
  /*  514 E> */ B(LdaNamedProperty), R(arg0), U8(0), U8(113),
  /*  521 S> */ B(Nop),
  /*  523 E> */ B(LdaNamedProperty), R(arg0), U8(0), U8(115),
  /*  530 S> */ B(Nop),
  /*  532 E> */ B(LdaNamedProperty), R(arg0), U8(0), U8(117),
  /*  539 S> */ B(Nop),
  /*  541 E> */ B(LdaNamedProperty), R(arg0), U8(0), U8(119),
  /*  548 S> */ B(Nop),
  /*  550 E> */ B(LdaNamedProperty), R(arg0), U8(0), U8(121),
  /*  557 S> */ B(Nop),
  /*  559 E> */ B(LdaNamedProperty), R(arg0), U8(0), U8(123),
  /*  566 S> */ B(Nop),
  /*  568 E> */ B(LdaNamedProperty), R(arg0), U8(0), U8(125),
  /*  575 S> */ B(Nop),
  /*  577 E> */ B(LdaNamedProperty), R(arg0), U8(0), U8(127),
  /*  584 S> */ B(Nop),
  /*  586 E> */ B(LdaNamedProperty), R(arg0), U8(0), U8(129),
  /*  593 S> */ B(Nop),
  /*  595 E> */ B(LdaNamedProperty), R(arg0), U8(0), U8(131),
  /*  602 S> */ B(Nop),
  /*  604 E> */ B(LdaNamedProperty), R(arg0), U8(0), U8(133),
  /*  611 S> */ B(Nop),
  /*  613 E> */ B(LdaNamedProperty), R(arg0), U8(0), U8(135),
  /*  620 S> */ B(Nop),
  /*  622 E> */ B(LdaNamedProperty), R(arg0), U8(0), U8(137),
  /*  629 S> */ B(Nop),
  /*  631 E> */ B(LdaNamedProperty), R(arg0), U8(0), U8(139),
  /*  638 S> */ B(Nop),
  /*  640 E> */ B(LdaNamedProperty), R(arg0), U8(0), U8(141),
  /*  647 S> */ B(Nop),
  /*  649 E> */ B(LdaNamedProperty), R(arg0), U8(0), U8(143),
  /*  656 S> */ B(Nop),
  /*  658 E> */ B(LdaNamedProperty), R(arg0), U8(0), U8(145),
  /*  665 S> */ B(Nop),
  /*  667 E> */ B(LdaNamedProperty), R(arg0), U8(0), U8(147),
  /*  674 S> */ B(Nop),
  /*  676 E> */ B(LdaNamedProperty), R(arg0), U8(0), U8(149),
  /*  683 S> */ B(Nop),
  /*  685 E> */ B(LdaNamedProperty), R(arg0), U8(0), U8(151),
  /*  692 S> */ B(Nop),
  /*  694 E> */ B(LdaNamedProperty), R(arg0), U8(0), U8(153),
  /*  701 S> */ B(Nop),
  /*  703 E> */ B(LdaNamedProperty), R(arg0), U8(0), U8(155),
  /*  710 S> */ B(Nop),
  /*  712 E> */ B(LdaNamedProperty), R(arg0), U8(0), U8(157),
  /*  719 S> */ B(Nop),
  /*  721 E> */ B(LdaNamedProperty), R(arg0), U8(0), U8(159),
  /*  728 S> */ B(Nop),
  /*  730 E> */ B(LdaNamedProperty), R(arg0), U8(0), U8(161),
  /*  737 S> */ B(Nop),
  /*  739 E> */ B(LdaNamedProperty), R(arg0), U8(0), U8(163),
  /*  746 S> */ B(Nop),
  /*  748 E> */ B(LdaNamedProperty), R(arg0), U8(0), U8(165),
  /*  755 S> */ B(Nop),
  /*  757 E> */ B(LdaNamedProperty), R(arg0), U8(0), U8(167),
  /*  764 S> */ B(Nop),
  /*  766 E> */ B(LdaNamedProperty), R(arg0), U8(0), U8(169),
  /*  773 S> */ B(Nop),
  /*  775 E> */ B(LdaNamedProperty), R(arg0), U8(0), U8(171),
  /*  782 S> */ B(Nop),
  /*  784 E> */ B(LdaNamedProperty), R(arg0), U8(0), U8(173),
  /*  791 S> */ B(Nop),
  /*  793 E> */ B(LdaNamedProperty), R(arg0), U8(0), U8(175),
  /*  800 S> */ B(Nop),
  /*  802 E> */ B(LdaNamedProperty), R(arg0), U8(0), U8(177),
  /*  809 S> */ B(Nop),
  /*  811 E> */ B(LdaNamedProperty), R(arg0), U8(0), U8(179),
  /*  818 S> */ B(Nop),
  /*  820 E> */ B(LdaNamedProperty), R(arg0), U8(0), U8(181),
  /*  827 S> */ B(Nop),
  /*  829 E> */ B(LdaNamedProperty), R(arg0), U8(0), U8(183),
  /*  836 S> */ B(Nop),
  /*  838 E> */ B(LdaNamedProperty), R(arg0), U8(0), U8(185),
  /*  845 S> */ B(Nop),
  /*  847 E> */ B(LdaNamedProperty), R(arg0), U8(0), U8(187),
  /*  854 S> */ B(Nop),
  /*  856 E> */ B(LdaNamedProperty), R(arg0), U8(0), U8(189),
  /*  863 S> */ B(Nop),
  /*  865 E> */ B(LdaNamedProperty), R(arg0), U8(0), U8(191),
  /*  872 S> */ B(Nop),
  /*  874 E> */ B(LdaNamedProperty), R(arg0), U8(0), U8(193),
  /*  881 S> */ B(Nop),
  /*  883 E> */ B(LdaNamedProperty), R(arg0), U8(0), U8(195),
  /*  890 S> */ B(Nop),
  /*  892 E> */ B(LdaNamedProperty), R(arg0), U8(0), U8(197),
  /*  899 S> */ B(Nop),
  /*  901 E> */ B(LdaNamedProperty), R(arg0), U8(0), U8(199),
  /*  908 S> */ B(Nop),
  /*  910 E> */ B(LdaNamedProperty), R(arg0), U8(0), U8(201),
  /*  917 S> */ B(Nop),
  /*  919 E> */ B(LdaNamedProperty), R(arg0), U8(0), U8(203),
  /*  926 S> */ B(Nop),
  /*  928 E> */ B(LdaNamedProperty), R(arg0), U8(0), U8(205),
  /*  935 S> */ B(Nop),
  /*  937 E> */ B(LdaNamedProperty), R(arg0), U8(0), U8(207),
  /*  944 S> */ B(Nop),
  /*  946 E> */ B(LdaNamedProperty), R(arg0), U8(0), U8(209),
  /*  953 S> */ B(Nop),
  /*  955 E> */ B(LdaNamedProperty), R(arg0), U8(0), U8(211),
  /*  962 S> */ B(Nop),
  /*  964 E> */ B(LdaNamedProperty), R(arg0), U8(0), U8(213),
  /*  971 S> */ B(Nop),
  /*  973 E> */ B(LdaNamedProperty), R(arg0), U8(0), U8(215),
  /*  980 S> */ B(Nop),
  /*  982 E> */ B(LdaNamedProperty), R(arg0), U8(0), U8(217),
  /*  989 S> */ B(Nop),
  /*  991 E> */ B(LdaNamedProperty), R(arg0), U8(0), U8(219),
  /*  998 S> */ B(Nop),
  /* 1000 E> */ B(LdaNamedProperty), R(arg0), U8(0), U8(221),
  /* 1007 S> */ B(Nop),
  /* 1009 E> */ B(LdaNamedProperty), R(arg0), U8(0), U8(223),
  /* 1016 S> */ B(Nop),
  /* 1018 E> */ B(LdaNamedProperty), R(arg0), U8(0), U8(225),
  /* 1025 S> */ B(Nop),
  /* 1027 E> */ B(LdaNamedProperty), R(arg0), U8(0), U8(227),
  /* 1034 S> */ B(Nop),
  /* 1036 E> */ B(LdaNamedProperty), R(arg0), U8(0), U8(229),
  /* 1043 S> */ B(Nop),
  /* 1045 E> */ B(LdaNamedProperty), R(arg0), U8(0), U8(231),
  /* 1052 S> */ B(Nop),
  /* 1054 E> */ B(LdaNamedProperty), R(arg0), U8(0), U8(233),
  /* 1061 S> */ B(Nop),
  /* 1063 E> */ B(LdaNamedProperty), R(arg0), U8(0), U8(235),
  /* 1070 S> */ B(Nop),
  /* 1072 E> */ B(LdaNamedProperty), R(arg0), U8(0), U8(237),
  /* 1079 S> */ B(Nop),
  /* 1081 E> */ B(LdaNamedProperty), R(arg0), U8(0), U8(239),
  /* 1088 S> */ B(Nop),
  /* 1090 E> */ B(LdaNamedProperty), R(arg0), U8(0), U8(241),
  /* 1097 S> */ B(Nop),
  /* 1099 E> */ B(LdaNamedProperty), R(arg0), U8(0), U8(243),
  /* 1106 S> */ B(Nop),
  /* 1108 E> */ B(LdaNamedProperty), R(arg0), U8(0), U8(245),
  /* 1115 S> */ B(Nop),
  /* 1117 E> */ B(LdaNamedProperty), R(arg0), U8(0), U8(247),
  /* 1124 S> */ B(Nop),
  /* 1126 E> */ B(LdaNamedProperty), R(arg0), U8(0), U8(249),
  /* 1133 S> */ B(Nop),
  /* 1135 E> */ B(LdaNamedProperty), R(arg0), U8(0), U8(251),
  /* 1142 S> */ B(Nop),
  /* 1144 E> */ B(LdaNamedProperty), R(arg0), U8(0), U8(253),
  /* 1151 S> */ B(Nop),
  /* 1153 E> */ B(LdaNamedProperty), R(arg0), U8(0), U8(255),
  /* 1160 S> */ B(Nop),
  /* 1162 E> */ B(Wide), B(LdaNamedProperty), R16(arg0), U16(0), U16(257),
  /* 1169 S> */ B(Nop),
  /* 1178 E> */ B(Wide), B(LdaNamedProperty), R16(arg0), U16(0), U16(261),
                B(Star), R(0),
  /* 1178 E> */ B(Wide), B(CallProperty0), R16(0), R16(arg0), U16(259),
  /* 1186 S> */ B(Return),
]
constant pool: [
  ONE_BYTE_INTERNALIZED_STRING_TYPE ["func"],
]
handlers: [
]

---
snippet: "
  function f(a) { return a.func(1).func(2).func(3); }
  f(new (function Obj() { this.func = function(a) { return this; }})())
"
frame size: 5
parameter count: 2
bytecode array length: 52
bytecodes: [
  /*   10 E> */ B(StackCheck),
  /*   16 S> */ B(Nop),
  /*   25 E> */ B(LdaNamedProperty), R(arg0), U8(0), U8(9),
                B(Star), R(2),
                B(LdaSmi), I8(1),
                B(Star), R(4),
  /*   25 E> */ B(CallProperty1), R(2), R(arg0), R(4), U8(7),
                B(Star), R(2),
  /*   32 E> */ B(LdaNamedProperty), R(2), U8(0), U8(11),
                B(Star), R(1),
                B(LdaSmi), I8(2),
                B(Star), R(3),
  /*   33 E> */ B(CallProperty1), R(1), R(2), R(3), U8(5),
                B(Star), R(1),
  /*   40 E> */ B(LdaNamedProperty), R(1), U8(0), U8(13),
                B(Star), R(0),
                B(LdaSmi), I8(3),
                B(Star), R(2),
  /*   41 E> */ B(CallProperty1), R(0), R(1), R(2), U8(3),
  /*   50 S> */ B(Return),
]
constant pool: [
  ONE_BYTE_INTERNALIZED_STRING_TYPE ["func"],
]
handlers: [
]

