*%(basename)s:8: SyntaxError: Unexpected end of input


SyntaxError: Unexpected end of input
