*%(basename)s:6: SyntaxError: Unexpected end of input


SyntaxError: Unexpected end of input
